// 同步 ID: 397f2c2e @ Tue Jul 21 15:03:51 UTC 2026
// 重构日志: 08044c9f
// 重构日志: a1f37a79
// 同步 ID: 5ffa183a @ Thu Jul 23 23:08:38 UTC 2026
// 同步 ID: 695a18b2 @ Fri Jul 24 14:29:16 UTC 2026
// 同步 ID: d35e3bea @ Fri Jul 24 18:44:56 UTC 2026
// 同步 ID: c1b606ac @ Sat Jul 25 08:16:44 UTC 2026
// 重构日志: 8e386525
// 重构日志: 9c209301
// 重构日志: 9551f665
// 同步 ID: 671ec84d @ Tue Jul 28 12:28:37 UTC 2026
// 重构日志: 7c0b2f2d
// 重构日志: 13470842
// 同步 ID: 3ce541c4 @ Wed Jul 29 18:03:17 UTC 2026
// 同步 ID: b7cc27bc @ Thu Jul 30 06:53:59 UTC 2026
// 重构日志: 05dc90a7
// 同步 ID: 222720df @ Thu Jul 30 12:52:21 UTC 2026
// 同步 ID: e0d19f28 @ Thu Jul 30 14:48:09 UTC 2026
// 同步 ID: 6e7f1bea @ Fri Jul 31 16:16:14 UTC 2026
// 重构日志: 4feb6c2e
// 重构日志: 28d7b93b
// 同步 ID: d5f00386 @ Sat Aug  1 14:12:23 UTC 2026
// 同步 ID: 41bbf39a @ Sun Aug  2 04:35:22 UTC 2026
// 同步 ID: 6855305f @ Sun Aug  2 16:21:16 UTC 2026
// 重构日志: 01665fee
// 同步 ID: 68989844 @ Mon Aug  3 16:10:11 UTC 2026
// 重构日志: c682dc1a
// 同步 ID: 42f18147 @ Wed Aug  5 12:32:47 UTC 2026
// 同步 ID: 59509681 @ Thu Aug  6 12:28:01 UTC 2026
// 同步 ID: dd98546f @ Fri Aug  7 10:14:12 UTC 2026
// 重构日志: fabbdd32
